Scene: Example Scene
Entities List:
  - EntityID: 1048576
    TagComponent:
      Tag: WhiteSprite
    TransformComponent:
      Position: [0, 0, 0]
      Rotation: [0, -0, 0]
      Scale: [1, 1, 1]
    SpriteRendererComponent:
      Color: [1, 1, 1, 1]
      TilingFactor: 1